C:\ST\STM32CubeIDE_1.16.1\STM32CubeIDE\plugins\com.st.stm32cube.ide.mcu.externaltools.gnu-tools-for-stm32.12.3.rel1.win32_1.0.200.202406191623\tools\arm-none-eabi\include\c++\12.3.1\arm-none-eabi\thumb\v7e-m+dp\hard\bits\gthr-default.h:229:1:int __gthread_key_delete(__gthread_key_t)	16	static
../Core/Src/cpp_main.cpp:20:6:void cpp_main()	40	static
../CPP_Core/Inc/pool.h:64:1:k2lib::Pool<T, SIZE>::Pool() [with T = myhal::BlinkingLed; int SIZE = 4]	32	static
../CPP_Core/Inc/pool.h:74:4:T* k2lib::Pool<T, SIZE>::palloc() [with T = myhal::BlinkingLed; int SIZE = 4]	24	static
../CPP_Core/Inc/pool.h:126:6:bool k2lib::Pool<T, SIZE>::testBit(int) [with T = myhal::BlinkingLed; int SIZE = 4]	24	static
../CPP_Core/Inc/pool.h:149:6:void k2lib::Pool<T, SIZE>::clrBit(int) [with T = myhal::BlinkingLed; int SIZE = 4]	24	static
../Core/Src/cpp_main.cpp:49:1:void __static_initialization_and_destruction_0(int, int)	16	static
../Core/Src/cpp_main.cpp:49:1:cpp)	8	static
../Core/Src/cpp_main.cpp:49:1:cpp)	8	static
