/home/seraphin/Documents/Master/EmbReal/embreal_cpp/Drivers/BSP/IKS01A3/iks01a3_motion_sensors.c:222:9:IKS01A3_MOTION_SENSOR_Init	64	static
/home/seraphin/Documents/Master/EmbReal/embreal_cpp/Drivers/BSP/IKS01A3/iks01a3_motion_sensors.c:1137:9:IKS01A3_MOTION_SENSOR_DeInit	24	static
/home/seraphin/Documents/Master/EmbReal/embreal_cpp/Drivers/BSP/IKS01A3/iks01a3_motion_sensors.c:1163:9:IKS01A3_MOTION_SENSOR_GetCapabilities	24	static
/home/seraphin/Documents/Master/EmbReal/embreal_cpp/Drivers/BSP/IKS01A3/iks01a3_motion_sensors.c:1189:9:IKS01A3_MOTION_SENSOR_ReadID	24	static
/home/seraphin/Documents/Master/EmbReal/embreal_cpp/Drivers/BSP/IKS01A3/iks01a3_motion_sensors.c:1218:9:IKS01A3_MOTION_SENSOR_Enable	24	static
/home/seraphin/Documents/Master/EmbReal/embreal_cpp/Drivers/BSP/IKS01A3/iks01a3_motion_sensors.c:1257:9:IKS01A3_MOTION_SENSOR_Disable	24	static
/home/seraphin/Documents/Master/EmbReal/embreal_cpp/Drivers/BSP/IKS01A3/iks01a3_motion_sensors.c:1297:9:IKS01A3_MOTION_SENSOR_GetAxes	32	static
/home/seraphin/Documents/Master/EmbReal/embreal_cpp/Drivers/BSP/IKS01A3/iks01a3_motion_sensors.c:1337:9:IKS01A3_MOTION_SENSOR_GetAxesRaw	32	static
/home/seraphin/Documents/Master/EmbReal/embreal_cpp/Drivers/BSP/IKS01A3/iks01a3_motion_sensors.c:1377:9:IKS01A3_MOTION_SENSOR_GetSensitivity	32	static
/home/seraphin/Documents/Master/EmbReal/embreal_cpp/Drivers/BSP/IKS01A3/iks01a3_motion_sensors.c:1418:9:IKS01A3_MOTION_SENSOR_GetOutputDataRate	32	static
/home/seraphin/Documents/Master/EmbReal/embreal_cpp/Drivers/BSP/IKS01A3/iks01a3_motion_sensors.c:1458:9:IKS01A3_MOTION_SENSOR_GetFullScale	32	static
/home/seraphin/Documents/Master/EmbReal/embreal_cpp/Drivers/BSP/IKS01A3/iks01a3_motion_sensors.c:1499:9:IKS01A3_MOTION_SENSOR_SetOutputDataRate	32	static
/home/seraphin/Documents/Master/EmbReal/embreal_cpp/Drivers/BSP/IKS01A3/iks01a3_motion_sensors.c:1539:9:IKS01A3_MOTION_SENSOR_SetFullScale	32	static
/home/seraphin/Documents/Master/EmbReal/embreal_cpp/Drivers/BSP/IKS01A3/iks01a3_motion_sensors.c:1583:16:LSM6DSO_0_Probe	88	static
/home/seraphin/Documents/Master/EmbReal/embreal_cpp/Drivers/BSP/IKS01A3/iks01a3_motion_sensors.c:1670:16:LIS2DW12_0_Probe	88	static
/home/seraphin/Documents/Master/EmbReal/embreal_cpp/Drivers/BSP/IKS01A3/iks01a3_motion_sensors.c:1744:16:LIS2MDL_0_Probe	88	static
